// Jest Snapshot v1, https://goo.gl/fbAQLP

exports[`should match CardList component snapshot 1`] = `
<div>
  <div
    class="card-list"
  >
    <div
      class="services-card"
    >
      <h3
        class="services-card__title"
      >
        Online Courses
      </h3>
      <p
        class="services-card__text"
      >
        Lorem ipsum dolor sit amet, consectetur adipisicing elit.
      </p>
      <a
        class="services-card__button"
        href="/services/Online Courses"
      >
        <img
          alt=""
          class="services-card__vector services-card__vector--black"
          src="Vector-black.svg"
        />
      </a>
      <img
        alt="dog"
        class="services-card__img"
        src="image.png"
      />
    </div>
    <div
      class="services-card"
    >
      <h3
        class="services-card__title"
      >
        Group Classes
      </h3>
      <p
        class="services-card__text"
      >
        Lorem ipsum dolor sit amet, consectetur adipisicing elit.
      </p>
      <a
        class="services-card__button"
        href="/services/Group Classes"
      >
        <img
          alt=""
          class="services-card__vector services-card__vector--black"
          src="Vector-black.svg"
        />
      </a>
      <img
        alt="dog"
        class="services-card__img"
        src="image1.png"
      />
    </div>
    <div
      class="services-card"
    >
      <h3
        class="services-card__title"
      >
        Bespoke Packages
      </h3>
      <p
        class="services-card__text"
      >
        Lorem ipsum dolor sit amet, consectetur adipisicing elit.
      </p>
      <a
        class="services-card__button"
        href="/services/Bespoke Packages"
      >
        <img
          alt=""
          class="services-card__vector services-card__vector--black"
          src="Vector-black.svg"
        />
      </a>
      <img
        alt="dog"
        class="services-card__img"
        src="image4.png"
      />
    </div>
  </div>
</div>
`;
