// Jest Snapshot v1, https://goo.gl/fbAQLP

exports[`should match button component snapshot 1`] = `
<div>
  <button
    class="button button--primary"
  />
</div>
`;
