// Jest Snapshot v1, https://goo.gl/fbAQLP

exports[`should match ServicesSearchBar component snapshot 1`] = `
<div>
  <div
    class="search-box"
  >
    <label
      for="search-box"
    >
      <input
        class="search-box__input"
        type="text"
        value=""
      />
    </label>
    <img
      alt="search icon"
      class="search-box__input-icon"
      src="searchBarIcon.svg"
    />
  </div>
</div>
`;
