// Jest Snapshot v1, https://goo.gl/fbAQLP

exports[`should match ArrowLink component snapshot 1`] = `
<div>
  <a
    class="arrow-link"
  >
    <img
      alt=""
      class="arrow-link__arrow"
      src="arrow.svg"
    />
  </a>
</div>
`;
